2026-09-16T00:39:02  guard up: floor 900 MB, total 16869 MB, poll 15s
2026-09-16T02:37:19  guard up: floor 900 MB, total 16869 MB, poll 15s
2026-09-16T02:38:02  guard up: floor 900 MB, total 16869 MB, poll 15s
2026-09-16T02:38:03  alive: available 1902 MB, 4 experiment process(es)
2026-09-16T02:38:58  recovered: available 1929 MB
2026-09-16T02:43:03  alive: available 1902 MB, 4 experiment process(es)
2026-09-16T02:48:04  alive: available 2687 MB, 2 experiment process(es)
2026-09-16T02:53:04  alive: available 2783 MB, 2 experiment process(es)
2026-09-16T02:58:05  alive: available 2316 MB, 2 experiment process(es)
2026-09-16T03:03:05  alive: available 2392 MB, 2 experiment process(es)
2026-09-16T03:08:05  alive: available 2812 MB, 2 experiment process(es)
2026-09-16T03:10:45  recovered: available 1892 MB
2026-09-16T03:13:06  alive: available 1820 MB, 4 experiment process(es)
2026-09-16T03:18:06  alive: available 1859 MB, 4 experiment process(es)
2026-09-16T03:23:07  alive: available 1980 MB, 4 experiment process(es)
2026-09-16T03:28:07  alive: available 2155 MB, 4 experiment process(es)
2026-09-16T03:33:07  alive: available 1756 MB, 4 experiment process(es)
2026-09-16T03:38:08  alive: available 1968 MB, 4 experiment process(es)
2026-09-16T03:43:08  alive: available 2089 MB, 4 experiment process(es)
2026-09-16T03:48:08  alive: available 1753 MB, 4 experiment process(es)
2026-09-16T03:53:09  alive: available 2055 MB, 4 experiment process(es)
2026-09-16T03:58:09  alive: available 1104 MB, 4 experiment process(es)
2026-09-16T03:58:34  recovered: available 1984 MB
2026-09-16T04:03:10  alive: available 1818 MB, 4 experiment process(es)
2026-09-16T04:08:10  alive: available 2107 MB, 4 experiment process(es)
2026-09-16T04:10:11  recovered: available 2039 MB
2026-09-16T04:11:20  recovered: available 2024 MB
2026-09-16T04:13:10  alive: available 1780 MB, 4 experiment process(es)
2026-09-16T04:13:50  recovered: available 1977 MB
2026-09-16T04:14:32  refusing to start: guard already running as pid(s) 28832, 31380. Use --force to override.
2026-09-16T04:15:56  KILLED pid 8324 (656 MB) -- available 545 MB below floor. cmd: C:\Users\mothe\AppData\Roaming\uv\python\cpython-3.12-windows-x86_64-none\python.exe -u scripts/exp_coldstart.py --joine
2026-09-16T04:17:10  guard up: floor 900 MB, total 16869 MB, poll 15s
2026-09-16T04:17:10  alive: available 1948 MB, 2 experiment process(es)
2026-09-16T04:19:27  guard up: floor 900 MB, total 16869 MB, poll 15s
2026-09-16T04:19:27  alive: available 1151 MB, 4 experiment process(es)
2026-09-16T04:24:28  alive: available 1891 MB, 4 experiment process(es)
2026-09-16T04:29:29  alive: available 1263 MB, 6 experiment process(es)
2026-09-16T04:31:44  KILLED pid 30268 (1236 MB) -- available 486 MB below floor. cmd: C:\Users\mothe\AppData\Roaming\uv\python\cpython-3.12-windows-x86_64-none\python.exe -m pytest -q tests/
2026-09-16T04:31:44    memory at kill: pytest pid 30268 1236 MB, exp pid 21052 652 MB, exp pid 23052 650 MB, guard pid 29104 22 MB
2026-09-16T04:32:29  recovered: available 2010 MB
2026-09-16T04:34:29  alive: available 2421 MB, 2 experiment process(es)
2026-09-16T04:38:15  recovered: available 1363 MB
2026-09-16T04:39:30  alive: available 709 MB, 6 experiment process(es)
2026-09-16T04:39:45  recovered: available 1772 MB
2026-09-16T04:40:45  recovered: available 1964 MB
2026-09-16T04:44:31  alive: available 1853 MB, 6 experiment process(es)
2026-09-16T04:45:31  recovered: available 1868 MB
2026-09-16T04:49:32  alive: available 1987 MB, 6 experiment process(es)
2026-09-16T04:54:32  alive: available 1831 MB, 6 experiment process(es)
2026-09-16T04:59:33  alive: available 1889 MB, 6 experiment process(es)
2026-09-16T05:04:34  alive: available 1904 MB, 6 experiment process(es)
2026-09-16T05:09:35  alive: available 1926 MB, 6 experiment process(es)
2026-09-16T05:14:36  alive: available 1895 MB, 6 experiment process(es)
2026-09-16T05:19:36  alive: available 1921 MB, 6 experiment process(es)
2026-09-16T05:24:37  alive: available 1988 MB, 6 experiment process(es)
2026-09-16T05:29:38  alive: available 1894 MB, 6 experiment process(es)
2026-09-16T05:34:39  alive: available 2036 MB, 6 experiment process(es)
2026-09-16T05:39:39  alive: available 1946 MB, 6 experiment process(es)
2026-09-16T05:44:40  alive: available 1959 MB, 6 experiment process(es)
2026-09-16T05:49:41  alive: available 1968 MB, 6 experiment process(es)
2026-09-16T05:54:42  alive: available 1864 MB, 6 experiment process(es)
2026-09-16T05:59:42  alive: available 3511 MB, 0 experiment process(es)
2026-09-16T06:04:43  alive: available 1788 MB, 6 experiment process(es)
2026-09-16T06:09:44  alive: available 1001 MB, 6 experiment process(es)
2026-09-16T06:10:44  recovered: available 1831 MB
2026-09-16T06:13:00  recovered: available 1797 MB
2026-09-16T06:14:46  alive: available 1896 MB, 6 experiment process(es)
2026-09-16T06:19:46  alive: available 1839 MB, 6 experiment process(es)
2026-09-16T06:24:47  alive: available 2023 MB, 6 experiment process(es)
2026-09-16T06:29:48  alive: available 1817 MB, 6 experiment process(es)
2026-09-16T06:34:49  alive: available 1698 MB, 6 experiment process(es)
2026-09-16T06:38:35  KILLED pid 21700 (949 MB) -- available 577 MB below floor. cmd: C:\Users\mothe\AppData\Roaming\uv\python\cpython-3.12-windows-x86_64-none\python.exe -m pytest -q tests/
2026-09-16T06:38:35    memory at kill: pytest pid 21700 949 MB, exp pid 30568 659 MB, exp pid 8420 652 MB, exp pid 10084 646 MB
2026-09-16T06:39:20  KILLED pid 31372 (1044 MB) -- available 415 MB below floor. cmd: C:\Users\mothe\AppData\Roaming\uv\python\cpython-3.12-windows-x86_64-none\python.exe -m pytest -q tests/
2026-09-16T06:39:20    memory at kill: pytest pid 31372 1044 MB, exp pid 8420 634 MB, exp pid 10084 625 MB, exp pid 30568 483 MB
2026-09-16T06:39:50  alive: available 1674 MB, 6 experiment process(es)
2026-09-16T06:44:52  alive: available 3035 MB, 0 experiment process(es)
2026-09-16T06:49:54  alive: available 1811 MB, 0 experiment process(es)
2026-09-16T06:54:56  alive: available 2164 MB, 2 experiment process(es)
2026-09-16T06:59:57  alive: available 2137 MB, 2 experiment process(es)
2026-09-16T07:04:58  alive: available 2189 MB, 2 experiment process(es)
2026-09-16T07:09:59  alive: available 2221 MB, 2 experiment process(es)
2026-09-16T07:15:00  alive: available 2183 MB, 2 experiment process(es)
2026-09-16T07:20:01  alive: available 2168 MB, 2 experiment process(es)
2026-09-16T07:25:02  alive: available 2228 MB, 2 experiment process(es)
2026-09-16T07:30:16  guard up: floor 900 MB, total 16869 MB, poll 15s
2026-09-16T07:30:17  alive: available 2107 MB, 2 experiment process(es)
2026-09-16T07:35:18  alive: available 2142 MB, 2 experiment process(es)
2026-09-16T07:40:19  alive: available 2456 MB, 2 experiment process(es)
2026-09-16T07:45:20  alive: available 2395 MB, 2 experiment process(es)
2026-09-16T07:48:51  guard up: floor 900 MB, total 16869 MB, poll 15s
2026-09-16T07:48:51  alive: available 1920 MB, 2 experiment process(es)
2026-09-16T07:53:53  alive: available 2052 MB, 2 experiment process(es)
2026-09-16T07:58:54  alive: available 2296 MB, 2 experiment process(es)
2026-09-16T08:03:55  alive: available 2190 MB, 2 experiment process(es)
2026-09-16T09:37:12  guard up: floor 900 MB, total 16869 MB, poll 15s
2026-09-16T09:37:13  alive: available 2066 MB, 2 experiment process(es)
